[    0.00000] Initializing cgroup subsys cpuset
[    0.000000] Initializing cgroup subsys cpu
[    0.000000] Initializing cgroup subsys cpuacct
[    0.000000] Linux version 4.4.0-170-generic (buildd@lcy01-amd64-019) (gcc version 5.4.0 20160609 (Ubuntu 5.4.0-6ubuntu1~16.04.12) ) #199-Ubuntu SMP Thu Nov 14 01:45:04 UTC 2019 (Ubuntu 4.4.0-170.199-generic 4.400)
[  0.0000] Cmandlie: BOOT_IMAGE=/boot/vmlinuz-4.4.17-generic root=LABEL=cloudimg-rootfs ro console=tty1 console=ttyS0
[    0.000000] KERNEL supported cpus:
[    0.000000]   Intel GenuineIntel
[    0.000000]   AMD AuthenticAMD
[    0.000000]   Centaur CentaurHauls
[    0.000000] x86/fpu: xstate_offset[2]:  576, xstate_zes[2] 256
[    0.000000] x86/fpu: Supporting XSAVE feature 0x01: 'x87 floating point registers'
[    0.000000] x86/fpu: Supporting XSAVE feature 0x02: 'SSE registers'
[    0.000000] x86/fpu: Supporting XSAVE feature 0x04: 'AVX registers'
[    0.000000] x86/fpu: Enabled xstate features 0x7, context size is 832 bytes, using 'standard' format.
[    0.000000] e820: BIOS-provided physical RAM map:
[    0.000000] BIOS-e820: [mem 0x0000000000000000-0x000000000009fbff] usable
[    0.000000] BIOS-e820: [mem 0x000000000009fc00-0x000000000009ffff] reserved
[    0.000000] BIOS-e820: [mem 0x00000000000f0000-0x00000000000fffff] reserved
[    0.000000] BIOS-e820: [mem 0x0000000000100000-0x000000003ffeffff] usable
[    0.000000] BIOS-e820: [mem 0x000000003fff0000-0x000000003fffffff] ACPI data
[    0.000000] BIOS-e820: [mem 0x00000000fec00000-0x00000000fec00fff] reserved
[    0.000000] BIOS-e820: [mem 0x00000000fee00000-0x00000000fee00fff] reserved
[    0.000000] BIOS-e820: [mem 0x00000000fffc0000-0x00000000ffffffff] reserved
[    0.000000] NX (Execute Disable) protection: active
[    0.000000] SMBIOS 2.5 present.
[    0.000000] Hypervisor detected: KVM
[    0.000000] e820: last_pfn = 0x3fff0 max_arch_pfn = 0x400000000
[    0.000000] MTRR: Disabled
[    0.000000] x86/PAT: MTRRs disabled, skipping PAT initialization too.
[    0.000000] CPU MTRRs all blank - virtualized system.
[    0.000000] x86/PAT: Configuration [0-7]: WB  WT  UC- UC  WB  WT  UC- UC  
[    0.000000] found SMP MP-table at [mem 0x0009fff0-0x0009ffff] mapped at [ffff88000009fff0]
[    0.000000] Scanning 1 areas for low memory corruption
[    0.000000] RAMDISK: [mem 0x362f4000-0x37171fff]
[    0.000000] ACPI: Early table checksum verification disabled
[    0.000000] ACPI: RSDP 0x00000000000E0000 000024 (v02 VBOX  )
[    0.000000] ACPI: XSDT 0x000000003FFF0030 00003C (v01 VBOX   VBOXXSDT 00000001 ASL  00000061)
[    0.000000] ACPI: FACP 0x000000003FFF00F0 0000F4 (v04 VBOX   VBOXFACP 00000001 ASL  00000061)
[    0.000000] ACPI: DSDT 0x000000003FFF0470 0021FF (v02 VBOX   VBOXBIOS 00000002 INTL 20100528)
[    0.000000] ACPI: FACS 0x000000003FFF0200 000040
[    0.000000] ACPI: FACS 0x000000003FFF0200 000040
[    0.000000] ACPI: APIC 0x000000003FFF0240 00005C (v02 VBOX   VBOXAPIC 00000001 ASL  00000061)
[    0.000000] ACPI: SSDT 0x000000003FFF02A0 0001CC (v01 VBOX   VBOXCPUT 00000002 INTL 20100528)
[    0.000000] No NUMA configuration found
[   0.000000] Faking a node at [mem 0x00000000000000x0000003fefff]
[  0.000000NODE_AT(0) aocated [mem 0x3ffeb000-0x3ffeffff]
[    000000] k-cock: Using msrs 4b564d01 and 4b5d00[    0.000000] kvm-clock: cpu 0, msr 0:3ffe3001, primary cpu clock
[  0.0000] kvclock: using sched offset of 4189214672 cycles
[    0.000000] clocksource: kvm-clock: mask: 0xffffffffffffffff max_cycles: 0x1cd42e4dffb, max_idle_ns: 881590591483 ns
[    0.000000] Zone ranges:
[    0.000000]   DMA      [mem 0x0000000000001000-0x0000000000ffffff
[     0.000000]   DMA32    [mem 0x0000000001000000-0x000000003ffeffff]
[    0.000000]   Normal   empty
[    0.000000]   Device   empty
[    0.000000] Movable zone start for each node
[    0.000000] Early memory node ranges
[    0.000000]   node   0: [mem 0x0000000000001000-0x000000000009efff]
[    0.000000]   node   0: [mem 0x0000000000100000-0x000000003ffeffff]
[    0.000000] Initmem setup node 0 [mem 0x0000000000001000-0x000000003ffeffff]
[    0.000000] ACPI: PM-Timer IO Port: 0x4008
[    0.000000] IOAPIC[0]: apic_id 2, version 32, address 0xfec00000, GSI 0-23
[    0.000000] ACPI: INT_SRC_OVR (bus 0 bus_irq 0 global_irq 2 dfl dfl
[    0.000000] ACPI: INT_SRC_OVR (bus 0 bus_irq 9 global_irq 9 low level)
[    0.000000] Using ACPI (MADT) for SMP configuration information
[    0.000000] smpboot: Allowing 2 CPUs, 0 hotplug CPUs
[   00000] M: Registered noave memory: [mem 0x00000000-0x00000fff][    0.0000]M: Regiered nosave memory: [mem 0x0009f000-0x0009ffff]
[    0.000000] PM: Registered nosave memory: [mem 0x000a0000-0x000effff]
[    0.000000] PM: Registered nosave memory: [mem 0x000f0000-0x000fffff]
[    0.000000] e820: [mem 0x40000000-0xfebfffff] available for PCI devices
[    0.000000] Booting paravirtualized kernel on KVM
[    0.000000] clocksource: refined-jiffies: mask:xffffff max_cles: 0xffff, maxdle_n 74519002118 ns
[   000000] setup_percpu: NR_CPUS:512 nr_cpumask_bits:512 nr_cpu_ids:2 nr_node_ids:1
[    0.000000] PERCPU: Embedded 33 pages/cpu @ffff88003fc00000 s95448 r8192 d31528 u1048576
[    0.000000] Built 1 zonelists in Node order, mobility grouping on.  Total pages: 257912
[    0.000000] Policy zone: DMA32
[    0.000000] Kernel command line: BOOT_IMAGE=/boot/vmlinuz-4.4.0-170-generic root=LABEL=cloudimg-rootfs ro console=tty1 console=ttyS0
[    0.000000] PID hash table entries: 4096 (order: 3, 32768 bytes)
[    0.000000] Memory: 997716K/1048120K available (8626K kernel code, 1336K rwdata, 4036K rodata, 1488K init, 1288K bss, 50404K reserved, 0K cma-reserved)
[    0.000000] SLUB: HWalign=64, Order=0-3, MinObjects=0, CPUs=2, Nodes=1
[    0.000000] Kernel/User page tables isolation: enabled
[    0.000000] Hierarchical RCU implementation.
[    0.000000] 	Build-time adjustment of leaf fanout to 64.
[    0.000000] 	RCU restricting CPUs from NR_CPUS=512 to nr_cpu_ids=2.
[    0.000000] RCU: Adjusting geometry for rcu_fanout_leaf=64, nr_cpu_ids=2
[    0.000000] NR_IRQS:33024 nr_irqs:440 16
[    0.000000] Console: colour VGA+ 80x25
[    0.000000] console [tty1] enabled
[    0.000000] console [ttyS0] enabled
[    0.000000] tsc: Detected 2712.002 MHz processor
[    2.674015] Calibrating delay loop (skipped) preset value.. 5424.00 BogoMIPS (lpj=10848008)
[   2.675738] pid_max: default: 32768 minimum: 301
[    2.694233] ACPI: Core revision 20150930
[    2.696500] ACPI: 2 ACPI AML tables successfully acquired and loaded
[    2.703717] Security Framework initialized
[    2.713676] Yama: becoming mindful.
[    2.720955] AppArmor: AppArmor initialized
[    2.722032] Dentry cache hash table entries: 131072 (order: 8, 1048576 bytes)
[    2.726591] Inode-cache hash table entries: 65536 (order: 7, 524288 bytes)
[    2.787718] Mount-cache hash table entries: 2048 (order: 2, 16384 bytes)
[    2.834838] Mountpoint-cache hash table entries: 2048 (order: 2, 16384 bytes)
[    2.837130] Initializing cgroup subsys io
[    2.838489] Initializing cgroup subsys memory
[    2.839797] Initializing cgroup subsys devices
[    2.880925] Initializing cgroup subsys freezer
[    2.949216] Initializing cgroup subsys net_cls
[    2.976583] Initializing cgroup subsys perf_event
[    3.014676] Initializing cgroup subsys net_prio
[    3.090901] Initializing cgroup subsys hugetlb
[    3.139038] Initializing cgroup subsys pids
[    3.148455] mce: CPU supports 0 MCE banks
[    3.165619] Last level iTLB entries: 4KB 64, 2MB 8, 4MB 8
[    3.254724] Last level dTLB entries: 4KB 64, 2MB 0, 4MB 0, 1GB 4
[    3.262420] Spectre V1 : Mitigation: usercopy/swapgs barriers and __user pointer sanitization
[    3.264423] Spectre V2 : Mitigation: Full generic retpoline
[    3.265464] Spectre V2 : Spectre v2 / SpectreRSB mitigation: Filling RSB on context switch
[    3.267044] Speculative Store Bypass: Vulnerable
[    3.268011] MDS: Vulnerable: Clear CPU buffers attempted, no microcode
[    3.272302] Freeing SMP alternatives memory: 36K
[    3.280221] ftrace: allocating 32302 entries in 127 pages
[    3.379472] smpboot: APIC(0) Converting physical 0 to logical package 0
[    3.440401] smpboot: Max logical packages: 1
[    3.541639] x2apic enabled
[    3.616811] Switched APIC routing to physical x2apic.
[    3.666099] ..TIMER: vector=0x30 apic1=0 pin1=2 apic2=-1 pin2=-1
[    3.838559] smpboot: CPU0: Intel(R) Core(TM) i5-7200U CPU @ 2.50GHz (family: 0x6, model: 0x8e, stepping: 0x9)
[    3.985900] Performance Events: unsupported p6 CPU model 142 no PMU driver, software events only.
[    4.007619] KVM setup paravirtual spinlock
[    4.016453] x86: Booting SMP configuration:
[    4.017773] .... node  #0, CPUs:      #1
[    4.018865] kvm-clock: cpu 1, msr 0:3ffe3041, secondary cpu clock
[    4.021182] mce: CPU supports 0 MCE banks
[    4.023904] x86: Booted up 1 node, 2 CPUs
[    4.038767] smpboot: Total of 2 processors activated (10848.00 BogoMIPS)
[    4.040917] devtmpfs: initialized
[    4.090290] evm: security.selinux
[    4.136906] evm: security.SMACK64
[    4.138042] evm: security.SMACK64EXEC
[    4.168359] evm: security.SMACK64TRANSMUTE
[    4.219147] evm: security.SMACK64MMAP
[    4.220372] evm: security.ima
[    4.248963] evm: security.capability
[    4.335231] clocksource: jiffies: mask: 0xffffffff max_cycles: 0xffffffff, max_idle_ns: 7645041785100000 ns
[    4.364146] futex hash table entries: 512 (order: 3, 32768 bytes)
[    4.422085] pinctrl core: initialized pinctrl subsystem
[    4.428280] RTC time: 16:05:15, date: 01/16/20
[    4.441417] NET: Registered protocol family 16
[    4.493957] cpuidle: using governor ladder
[    4.508759] cpuidle: using governor menu
[    4.539161] PCCT header not found.
[    4.562178] ACPI: bus type PCI registered
[    4.570479] acpiphp: ACPI Hot Plug PCI Controller Driver version: 0.5
[    4.614430] PCI: Using configuration type 1 for base access
[    4.644855] ACPI: Added _OSI(Module Device)
[    4.646172] ACPI: Added _OSI(Processor Device)
[    4.653464] ACPI: Added _OSI(3.0 _SCP Extensions)
[    4.654457] ACPI: Added _OSI(Processor Aggregator Device)
[    4.656252] ACPI: Executed 1 blocks of module-level executable AML code
[    4.660030] ACPI: Interpreter enabled
[    4.660952] ACPI: (supports S0 S5)
[    4.661749] ACPI: Using IOAPIC for interrupt routing
[    4.662911] PCI: Using host bridge windows from ACPI; if necessary, use "pci=nocrs" and report a bug
[    4.742695] ACPI: PCI Root Bridge [PCI0] (domain 0000 [bus 00-ff])
[    4.815009] acpi PNP0A03:00: _OSC: OS supports [ASPM ClockPM Segments MSI]
[    4.816555] acpi PNP0A03:00: _OSC: not requesting OS control; OS requires [ExtendedConfig ASPM ClockPM MSI]
[    4.818814] acpi PNP0A03:00: fail to add MMCONFIG information, can't access extended PCI configuration space under this bridge.
[    4.821807] PCI host bridge to bus 0000:00
[    4.822880] pci_bus 0000:00: root bus resource [io  0x0000-0x0cf7 window]
[    4.824398] pci_bus 0000:00: root bus resource [io  0x0d00-0xffff window]
[    4.826049] pci_bus 0000:00: root bus resource [mem 0x000a0000-0x000bffff window]
[    4.827886] pci_bus 0000:00: root bus resource [mem 0x40000000-0xfdffffff window]
[    4.845502] pci_bus 0000:00: root bus resource [bus 00-ff]
[    4.855593] pci 0000:00:01.1: legacy IDE quirk: reg 0x10: [io  0x01f0-0x01f7]
[    4.870301] pci 0000:00:01.1: legacy IDE quirk: reg 0x14: [io  0x03f6]
[    4.871822] pci 0000:00:01.1: legacy IDE quirk: reg 0x18: [io  0x0170-0x0177]
[    4.873302] pci 0000:00:01.1: legacy IDE quirk: reg 0x1c: [io  0x0376]
[    4.921153] pci 0000:00:07.0: quirk: [io  0x4000-0x403f] claimed by PIIX4 ACPI
[    5.013146] pci 0000:00:07.0: quirk: [io  0x4100-0x410f] claimed by PIIX4 SMB
[    5.042737] ACPI: PCI Interrupt Link [LNKA] (IRQs 5 9 10 *11)
[    5.083802] ACPI: PCI Interrupt Link [LNKB] (IRQs 5 9 *10 11)
[    5.136571] ACPI: PCI Interrupt Link [LNKC] (IRQs 5 *9 10 11)
[    5.153356] ACPI: PCI Interrupt Link [LNKD] (IRQs 5 9 10 *11)
[    5.185549] ACPI: Enabled 2 GPEs in block 00 to 07
[    5.264494] vgaarb: setting as boot device: PCI:0000:00:02.0
[    5.334879] vgaarb: device added: PCI:0000:00:02.0,decodes=io+mem,owns=io+mem,locks=none
[    5.410647] vgaarb: loaded
[    5.438103] vgaarb: bridge control possible 0000:00:02.0
[    5.483406] SCSI subsystem initialized
[    5.515758] ACPI: bus type USB registered
[    5.586120] usbcore: registered new interface driver usbfs
[    5.638164] usbcore: registered new interface driver hub
[    5.673378] usbcore: registered new device driver usb
[    5.688564] PCI: Using ACPI for IRQ routing
[    5.732274] NetLabel: Initializing
[    5.751608] NetLabel:  domain hash size = 128
[    5.826853] NetLabel:  protocols = UNLABELED CIPSOv4
[    5.878387] NetLabel:  unlabeled traffic allowed by default
[    5.880173] amd_nb: Cannot enumerate AMD northbridges
[    5.881738] clocksource: Switched to clocksource kvm-clock
[    5.903290] AppArmor: AppArmor Filesystem Enabled
[    5.910845] pnp: PnP ACPI init
[    5.912365] pnp: PnP ACPI: found 3 devices
[    5.925342] clocksource: acpi_pm: mask: 0xffffff max_cycles: 0xffffff, max_idle_ns: 2085701024 ns
[    5.9274]ETRestred protocolfaly
[    6.383601] TCPstliedastae entries: 8192 (order: 4, 65536 bytes)
[    6.804890] TCP bind hash table entries: 8192 (order: 5, 131072 bytes)
[    6.806154] TCP: Hash tables configured (established 8192 bind 8192)
[    6.807371] UDP hash table entries: 512 (order: 2, 16384 bytes)
[    6.808474] UDP-Lite hash table entries: 512 (order: 2, 16384 bytes)
[    6.809673] NET: Registered protocol family 1
[    6.810570] pci 0000:00:00.0: Limiting direct PCI/PCI transfers
[    6.811655] pci 0000:00:01.0: Activating ISA DMA hang workarounds
[  6138] Unpacking initramfs...

[    7.464873] Freeing initrd memory: 14840K
[    7.474003] clocksource: tsc: mask: 0xffffffffffffffff max_cycles: 0x2717880cafa, max_idle_ns: 440795252614 ns
[    7.476085] platform rtc_cmos: registered platform RTC device (no PNP device found)
[    7.477684] Scanning for low memory corruption every 60 seconds
[    7.479674] audit: initializing netlink subsys (disabled)
[    7.480985] audit: type=2000 audit(1579190718.956:1): initialized
[    7.482706] Initialise system trusted keyring
[    7.484035] HugeTLB registered 2 MB page size, pre-allocated 0 pages
[    7.487363] zbud: loaded
[    7.488578] VFS: Disk quotas dquot_6.6.0
[    7.489596] VFS: Dquot-cache hash table entries: 512 (order 0, 4096 bytes)
[    7.491046] squashfs: version 4.0 (2009/01/31) Phillip Lougher
[    7.499233] fuse init (API version 7.23)
[    7.500686] Key type big_key registered
[    7.507089] Allocating IMA MOK and blacklist keyrings.
[    7.510214] Key type asymmetric registered
[    7.511170] Asymmetric key parser 'x509' registered
[    7.512154] Block layer SCSI generic (bsg) driver version 0.4 loaded (major 249)
[    7.513719] io scheduler noop registered
[    7.514828] io scheduler deadline registered (default)
[    7.543418] io scheduler cfq registered
[    7.589807] pci_hotplug: PCI Hot Plug PCI Core version: 0.5
[    7.647333] pciehp: PCI Express Hot Plug Controller Driver version: 0.4
[    7.699753] ACPI: AC Adapter [AC] (off-line)
[    7.752461] input: Power Button as /devices/LNXSYSTM:00/LNXPWRBN:00/input/input0
[    7.815251] ACPI: Power Button [PWRF]
[    7.91] np: Sleep Button as /devices/LNXSYSTM:00/LNXSLN:/iutnp1
[    8.451117] ACPI: Sleep Button [SLPF]
[    8.505476] GHES: HEST is not enabled!
[    8.506463] ACPI: Battery Slot [BAT0] (battery present)
[    8.548676] Serial: 8250/16550 driver, 32 ports, IRQ sharing enabled
[    8.598557] 00:02: ttyS0 at I/O 0x3f8 (irq = 4, base_baud = 115200) is a 16550A
[  860013 Luxgprt interface v0.103

[    9.033575] loop: module loaded
[    9.052190] scsi host0: ata_piix
[    9.053497] scsi host1: ata_piix
[    9.054556] ata1: PATA max UDMA/33 cmd 0x1f0 ctl 0x3f6 bmdma 0xd000 irq 14
[    9.056047] ata2: PATA max UDMA/33 cmd 0x170 ctl 0x376 bmdma 0xd008 irq 15
[    9.057701] libphy: Fixed MDIO Bus: probed
[    9.059030] tun: Universal TUN/TAP device driver, 1.6
[    9.069351] tun: (C) 1999-2004 Max Krasnyansky <maxk@qualcomm.com>
[    9.077976] PPP generic driver version 2.4.2
[    9.079281] ehci_hcd: USB 2.0 'Enhanced' Host Controller (EHCI) Driver
[    9.080689] ehci-pci: EHCI PCI platform driver
[    9.082211] ehci-platform: EHCI generic platform driver
[    9.083683] ohci_hcd: USB 1.1 'Open' Host Controller (OHCI) Driver
[    9.085125] ohci-pci: OHCI PCI platform driver
[    9.086658] ohci-platform: OHCI generic platform driver
[    9.121427] uhci_hcd: USB Universal Host Controller Interface driver
[    9.123083] i8042: PNP: PS/2 Controller [PNP0303:PS2K,PNP0f03:PS2M] at 0x60,0x64 irq 1,12
[    9.140531] serio: i8042 KBD port at 0x60,0x64 irq 1
[    9.161075] serio: i8042 AUX port at 0x60,0x64 irq 12
[    9.170835] mousedev: PS/2 mouse device common for all mice
[    9.172680] input: AT Translated Set 2 keyboard as /devices/platform/i8042/serio0/input/input2
[    9.174812] rtc_cmos rtc_cmos: rtc core: registered rtc_cmos as rtc0
[    9.183237] rtc_cmos rtc_cmos: alarms up to one day, 114 bytes nvram
[    9.224838] i2c /dev entries driver
[    9.258802] device-mapper: uevent: version 1.0.3
[    9.298684] device-mapper: ioctl: 4.34.0-ioctl (2015-10-28) initialised: dm-devel@redhat.com
[    9.336479] ledtrig-cpu: registered to indicate activity on CPUs
[    9.339069] NET: Registered protocol family 10
[    9.341186] NET: Registered protocol family 17
[    9.383491] Key type dns_resolver registered
[    9.391462] registered taskstats version 1
[    9.430884] Loading compiled-in X.509 certificates
[    9.432889] Loaded X.509 cert 'Build time autogenerated kernel key: f0e56e97f406068ace47a9bf54316e9855aaaa43'
[    9.451222] zswap: loaded using pool lzo/zbud
[    9.462643] Key type trusted registered
[    9.490892] Key type encrypted registered
[    9.502658] AppArmor: AppArmor sha1 policy hashing enabled
[    9.518292] ima: No TPM chip found, activating TPM-bypass!
[    9.519314] ima: Allocated hash algorithm: sha1
[    9.520214] evm: HMAC attrs: 0x1
[    9.521266]   Magic number: 4:381:85
[    9.522159] rtc_cmos rtc_cmos: setting system clock to 2020-01-16 16:05:20 UTC (1579190720)
[    9.524880] BIOS EDD facility v0.16 2004-Jun-25, 0 devices found
[    9.531899] EDD information not available.
[    9.547166] Freeing unused kernel memory: 1488K
[    9.558183] Write protecting the kernel read-only data: 14336k
[    9.608522] Freeing unused kernel memory: 1604K
[    9.626378] Freeing unused kernel memory: 60K
Loading, please wait...
starting version 229
[    9.665098] random: systemd-udevd: uninitialized urandom read (16 bytes read, 5 bits of entropy available)
[    9.665951] random: udevadm: uninitialized urandom read (16 bytes read, 5 bits of entropy available)
[    9.666010] random: udevadm: uninitialized urandom read (16 bytes read, 5 bits of entropy available)
[    9.672100] random: systemd-udevd: uninitialized urandom read (16 bytes read, 5 bits of entropy available)
[    9.674462] random: systemd-udevd: uninitialized urandom read (16 bytes read, 5 bits of entropy available)
[    9.676496] random: udevadm: uninitialized urandom read (16 bytes read, 5 bits of entropy available)
[    9.676544] random: udevadm: uninitialized urandom read (16 bytes read, 5 bits of entropy available)
[    9.676684] random: udevadm: uninitialized urandom read (16 bytes read, 5 bits of entropy available)
[    9.676844] random: udevadm: uninitialized urandom read (16 bytes read, 5 bits of entropy available)
[    9.676896] random: udevadm: uninitialized urandom read (16 bytes read, 5 bits of entropy available)
[    9.738571] e1000: Intel(R) PRO/1000 Network Driver - version 7.3.21-k8-NAPI
[    9.740559] e1000: Copyright (c) 1999-2006 Intel Corporation.
[    9.743313] Fusion MPT base driver 3.04.20
[    9.744350] Copyright (c) 1999-2008 LSI Corporation
[    9.759072] Fusion MPT SPI Host driver 3.04.20
[    9.784504] AVX2 version of gcm_enc/dec engaged.
[    9.785813] AES CTR mode by8 optimization enabled
[    9.955641] input: ImExPS/2 Generic Explorer Mouse as /devices/platform/i8042/serio1/input/input4
[   10.182038] e1000 0000:00:03.0 eth0: (PCI:33MHz:32-bit) 02:4f:25:6a:cc:77
[   10.184094] e1000 0000:00:03.0 eth0: Intel(R) PRO/1000 Network Connection
[   10.201406] mptbase: ioc0: Initiating bringup
[   10.203302] e1000 0000:00:03.0 enp0s3: renamed from eth0
[   10.265995] ioc0: LSI53C1030 A0: Capabilities={Initiator}
[   10.489728] scsi host2: ioc0: LSI53C1030 A0, FwRev=00000000h, Ports=1, MaxQ=256, IRQ=20
[   10.654865] scsi 2:0:0:0: Direct-Access     VBOX     HARDDISK         1.0  PQ: 0 ANSI: 5
[   10.699477] scsi target2:0:0: Beginning Domain Validation
[   10.727783] scsi target2:0:0: Domain Validation skipping write tests
[   10.735753] scsi target2:0:0: Ending Domain Validation
[   10.744062] scsi target2:0:0: asynchronous
[   11.455037] scsi 2:0:1:0: Direct-Access     VBOX     HARDDISK         1.0  PQ: 0 ANSI: 5
[   12.483898] scsi target2:0:1: Beginning Domain Validation
[   12.487968] scsi target2:0:1: Domain Validation skipping write tests
[   12.490121] scsi target2:0:1: Ending Domain Validation
[   12.491952] scsi target2:0:1: asynchronous
[   12.524330] sd 2:0:0:0: Attached scsi generic sg0 type 0
[   12.527854] sd 2:0:0:0: [sda] 20971520 512-byte logical blocks: (10.7 GB/10.0 GiB)
[   12.543521] sd 2:0:1:0: [sdb] 20480 512-byte logical blocks: (10.5 MB/10.0 MiB)
[   12.546407] sd 2:0:0:0: [sda] Write Protect is off
[   12.546519] sd 2:0:1:0: [sdb] Write Protect is off
[   12.546692] sd 2:0:1:0: [sdb] Incomplete mode parameter data
[   12.546696] sd 2:0:1:0: [sdb] Assuming drive cache: write through
[   12.566476] sd 2:0:1:0: Attached scsi generic sg1 type 0
[   12.571004] sd 2:0:0:0: [sda] Incomplete mode parameter data
[   12.571565] sd 2:0:1:0: [sdb] Attached SCSI disk
[   12.574507] sd 2:0:0:0: [sda] Assuming drive cache: write through
[   12.588803]  sda: sda1
[   12.591415] sd 2:0:0:0: [sda] Attached SCSI disk
Begin: Loading essential drivers ... [   14.369624] md: linear personality registered for level -1
[   14.376095] md: multipath personality registered for level -4
[   14.384310] md: raid0 personality registered for level 0
[   14.396691] md: raid1 personality registered for level 1
[   14.473825] raid6: sse2x1   gen()  5666 MB/s
[   14.542198] raid6: sse2x1   xor()  4593 MB/s
[   14.641804] raid6: sse2x2   gen() 10841 MB/s
[   14.710101] raid6: sse2x2   xor()  5453 MB/s
[   14.798040] raid6: sse2x4   gen()  5439 MB/s
[   14.865880] raid6: sse2x4   xor()  3410 MB/s
[   14.942049] raid6: avx2x1   gen()  8665 MB/s
[   15.109956] raid6: avx2x2   gen() 10695 MB/s
[   15.201796] raid6: avx2x4   gen() 14645 MB/s
[   15.218487] raid6: using algorithm avx2x4 gen() 14645 MB/s
[   15.288285] raid6: using avx2x2 recovery algorithm
[   15.349513] xor: automatically using best checksumming function:
[   15.389824]    avx       : 12921.000 MB/sec
[   15.404749] async_tx: api initialized (async)
[   15.433111] md: raid6 personality registered for level 6
[   15.435115] md: raid5 personality registered for level 5
[   15.437433] md: raid4 personality registered for level 4
[   15.452748] md: raid10 personality registered for level 10
done.
Begin: Running /scripts/init-premount ... done.
Begin: Mounting root file system ... Begin: Running /scripts/local-top ... done.
Begin: Running /scripts/local-premount ... [   15.521379] Btrfs loaded
Scanning for Btrfs filesystems
done.
Warning: fsck no[   15.560416] EXT4-fs (sda1): mounted filesystem with ordered data mode. Opts: (null)
t present, so skipping root file system
done.
Begin: Running /scripts/local-bottom ... done.
Begin: Running /scripts/init-bottom ... done.
[   15.919899] systemd[1]: systemd 229 running in system mode. (+PAM +AUDIT +SELINUX +IMA +APPARMOR +SMACK +SYSVINIT +UTMP +LIBCRYPTSETUP +GCRYPT +GNUTLS +ACL +XZ -LZ4 +SECCOMP +BLKID +ELFUTILS +KMOD -IDN)
[   15.937945] systemd[1]: Detected virtualization oracle.
[   15.943137] systemd[1]: Detected architecture x86-64.

Welcome to [1mUbuntu 16.04.6 LTS[0m!

[   15.959714] systemd[1]: Set hostname to <ubuntu>.
[  15.973541] systemd[1]: Initializing machine ID from random generator.

[   16.024504] systemd[1]: Installed transie /c/che-d le
[   .660175] systemd[1]: Reached target User and Group Name Lookups.
[[0;32m  OK  [0m] Reached target User and Group Name Lookups.
[   16.756520] systemd[1]: Reached target Encryptd Voles.
[[0;32m  OK  [0m] Reached target Encrypted Volumes.
[   17.018329] std[1 Listening on Device-mapper event daemon FIFOs.
[[0;32m  OK  [0m] Listening on Device-mapper event daemon FIFOs.
[   17.258 systemd[1]: Listeing on udev Control Socket.
[[0;32m  OK  [0m] Listening on udev Control Socket.
[   17.534941] systemd[1]: Listening on /dev/initctl Compatibility Named Pipe.
[[0;32m  OK  [0m] Listening on /dev/initctl Compatibility Named Pipe.
[   17.538193] systemd[1]: Listening on udev Kernel Socket.
[[0;32m  OK  [0m] Listening on udev Kernel Socket.
[   17.541497] systemd[1]: Created slice User and Session Slice.
[[0;32m  OK  [0m] Created slice User and Session Slice.
[   17.545132] systemd[1]: Listening on LVM2 poll daemon socket.
[[0;32m  OK  [0m] Listening on LVM2 poll daemon socket.
[   .5414 sstem[1]: Listening on Journal Socket.
[[0;32m  OK  [0m] Listening on Journal Socket.
[   17.847922] systemd[1]: Started Trigger resolvconf update for networkd DNS. [[0;32m  OK  [0m] Started Trigger resolvconf update for networkd DNS.
[   1.2323]sytemd[1]: Seup automount Arbitrary Executable File Formats File System Automount Point.
[[0;32m  OK  [0m] Set up automount Arbitrary Executab...ats File System Automount Point.
[   18.840267] systemd[1]: Created slice System Slice.
[[0;32m  OK  [0m] Created slice System Slice.
[ 19.015965] systemd[1]: Cread lice system-serial\x2dgetty.slice.
[[0;32m  OK  [0m] Created slice system-serial\x2dgetty.slice.

[   19.194626] systemd[1]: Starting Set console keymap...
[   19.197694] random: nonblocking pool is initialized
         Starting Set console keymap...
[   19.215188] systemd[1]: Starting Uncomplicated firewall...
         Starting Uncomplicated firewall...
[   19.225251] systemd[1]: Starting Load Kernel Modules...
         Starting Load Kernel Modules...
[   19.231022] systemd[1]: Mounting POSIX Message Queue File System...
         Mounting POSIX Message Queue File System...
[   19.253929] Loading iSCSI transport class v2.0-870.
[   19.270119] systemd[1]: Mounting Debug File System...
         Mounting Debug File System...
[   19.282124] systemd[1]: Starting Remount Root and Kernel File Systems...
[   19.284646] iscsi: registered transport (tcp)
         Starting Remount Root and Kernel File Systems...
[   19.287836] systemd[1]: Reached target System Time Synchronized.
[[0;32m  OK  [0m] Reached target System Time Synchronized.
[   19.292945] systemd[1]: Mounting Huge Pages File System...
[   19.295975] EXT4-fs (sda1): re-mounted. Opts: (null)
         Mounting Huge Pages File System...
[   19.300101] systemd[1]: Listening on Journal Audit Socket.
[[0;32m  OK  [0[   19.331644] iscsi: registered transport (iser)
m] Listening on Journal Audit Socket.
[   19.350599] systemd[1]: Starting Nameserver information manager...
         Starting Nameserver information manager...
[   19.354923] systemd[1]: Reached target Slices.
[[0;32m  OK  [0m] Reached target Slices.
[   19.357720] systemd[1]: Listening on LVM2 metadata daemon socket.
[[0;32m  OK  [0m] Listening on LVM2 metadata daemon socket.
[   19.361796] systemd[1]: Starting Monitoring of LVM2 mirrors, snapshots etc. using dmeventd or progress polling...
         Starting Monitoring of LVM2 mirrors... dmeventd or progress polling...
[   19.373253] systemd[1]: Listening on Syslog Socket.
[[0;32m  OK  [0m] Listening on Syslog Socket.
[   19.392122] systemd[1]: Started Forward Password Requests to Wall Directory Watch.
[[0;32m  OK  [0m] Started Forward Password Requests to Wall Directory Watch.
[   19.514284] systemd[1]: Starting Create list of required static device nodes for the current kernel...
         Starting Create list of required st... nodes for the current kernel...
[   19.557575] systemd[1]: Reached target Swap.
[[0;32m  OK  [0m] Reached target Swap.
[   19.561440] systemd[1]: Listening on Journal Socket (/dev/log).
[[0;32m  OK  [0m] Listening on Journal Socket (/dev/log).
[   19.602323] systemd[1]: Starting Journal Service...
         Starting Journal Service...
[   19.644874] systemd[1]: Mounted Debug File System.
[[0;32m  OK  [0m] Mounted Debug File System.
[   19.662179] systemd[1]: Mounted Huge Pages File System.
[[0;32m  OK  [0m] Mounted Huge Pages File System.
[   19.8481] systemd[1]: Mounted POSIX Message Queue File System.
[[0;32m  OK  [0m] Mounted POSIX Message Queue File System.
[   19.806871] systemd[1]: Started Journal Service.
[[0;32m  OK  [0m] Started Journal Service.
[[0;32m  OK  [0m] Started Set console keymap.
[[0;32m  OK  [0m] Started Uncomplicated firewall.
[[0;32m  OK  [0m] Started Load Kernel Modules.
[[0;32m  OK  [0m] Started Remount Root and Kernel File Systems.
[[0;32m  OK  [0m] Started Create list of required sta...ce nodes for the current kernel.
[[0;32m  OK  [0m] Started Nameserver information manager.
[[0;32m  OK  [0m] Started LVM2 metadata daemon.
         Starting Create Static Device Nodes in /dev...
         Starting udev Coldplug all Devices...
         Starting Load/Save Random Seed...
         Starting Apply Kernel Variables...
         Mounting FUSE Control File System...
         Starting Flush Journal to Persistent Storage...
[[0;32m  OK  [0m] Mounted FUSE Control File System.
[[0;32m  OK  [0m] Started Create Static Device Nodes in /dev.
[[0;32m  OK  [0m] Started Load/Save Random Seed.
[[0;32m  OK  [0m] Started Apply Kernel Variables.
[[0;32m  OK  [0m] Started udev Coldplug all Devices.
[[0;32m  OK  [0m] Started Flush Journal to Persistent Storage.
         Starting udev Kernel Device Manager...
[[0;32m  OK  [0m] Started Monitoring of LVM2 mirrors,...ng dmeventd or progress polling.
[[0;32m  OK  [0m] Reached target Local File Systems (Pre).
[[0;32m  OK  [0m] Reached target Local File Systems.
         Starting Set console font and keymap...
         Starting Commit a transient machine-id on disk...
         Starting LSB: AppArmor initialization...
         Starting Tell Plymouth To Write Out Runtime Data...
         Starting Create Volatile Files and Directories...
         Starting Initial cloud-init job (pre-networking)...
[[0;32m  OK  [0m] Started udev Kernel Device Manager.
[[0;32m  OK  [0m] Started Commit a transient machine-id on disk.
[[0;32m  OK  [0m] Started Tell Plymouth To Write Out Runtime Data.
[[0;32m  OK  [0m] Started Create Volatile Files and Directories.
         Starting Update UTMP about System Boot/Shutdown...
[[0;32m  OK  [0m] Started Dispatch Password Requests to Console Directory Watch.
[[0;32m  OK  [0m] Found device /dev/ttyS0.
[[0;32m  OK  [0m] Started Update UTMP about System Boot/Shutdown.
[[0;32m  OK  [0m] Listening on Load/Save RF Kill Switch Status /dev/rfkill Watch.
[[0;32m  OK  [0m] Started Set console font and keymap.
[[0;32m  OK  [0m] Created slice system-getty.slice.
[   17.068567] cloud-init[506]: Cloud-init v. 19.2-36-g059d049c-0ubuntu2~16.04.1 running 'init-local' at Thu, 16 Jan 2020 16:05:32 +0000. Up 16.42 seconds.
[[0;32m  OK  [0m] Started LSB: AppArmor initialization.
[[0;32m  OK  [0m] Started Initial cloud-init job (pre-networking).
[[0;32m  OK  [0m] Reached target Network (Pre).
         Starting Raise network interfaces...
[[0;32m  OK  [0m] Started Raise network interfaces.
[[0;32m  OK  [0m] Reached target Network.
         Starting Initial cloud-init job (metadata service crawler)...
[   19.193847] cloud-init[928]: Cloud-init v. 19.2-36-g059d049c-0ubuntu2~16.04.1 running 'init' at Thu, 16 Jan 2020 16:05:34 +0000. Up 18.09 seconds.
[[0;32m  OK  [0m[   19.317228] cloud-init[928]: ci-info: ++++++++++++++++++++++++++++++++++++++Net device info++++++++++++++++++++++++++++++++++++++
[   19.319758] cloud-init[928]: ci-info: +--------+------+----------------------------+---------------+--------+-------------------+
[   19.320054] cloud-init[928]: ci-info: | Device |  Up  |          Address           |      Mask     | Scope  |     Hw-Address    |
] Started Initial cloud-init job (metadata service crawler).
[   19.321654] cloud-init[928]: ci-info: +--------+------+----------------------------+---------------+--------+-------------------+
[   19.409423] cloud-init[928]: ci-info: | enp0s3 | True |         10.0.2.15          | 255.255.255.0 | global | 02:4f:25:6a:cc:77 |
[   19.420752] cloud-init[928]: [[0;32m  OK  [0m] Reached target System Initialization.
ci-info: | enp0s3 | True | fe80::4f:25ff:fe6a:cc77/64 |       .       |  link  | 02:4f:25:6a:cc:77 |
[   19.439562] cloud-init[928]: ci-info: |   lo   | True |         127.0.0.1          |   255.0.0.0   |  host  |         .         |         Starting LXD - unix socket.
[[0;32m  OK  [0m] Listening on D-Bus System Message Bus Socket.
[[0;32m  OK  [0m] Started Daily Cleanup of Temporary Directories.
[[0;32m  OK  [0m] Listening on UUID daemon activation socket.

[[   19.472600] cloud-init[928]: ci-info: |   lo   | True |          ::1/128           |       .       |  host  |         .         |[0;32m  OK  [0m] Started ACPI Events Check.
[[0;32m  OK  [0m] Reached target Paths.
[   19.488790] cloud-init[928]: ci-info: +--------+------+----------------------------+---------------+--------+-------------------+
[   19.489453] cloud-init[928]: ci-info: +++++++++++++++++++++++++++Route IPv4 info++++++++++++++++++++++++++++
[   19.489636] cloud-init[928]: ci-info: +-------+-------------+----------+---------------+-----------+-------+
[   19.489747] cloud-init[928]: ci-info: | Route | Destination | Gateway  |    Genmask    | Interface | Flags |
[   19.489855] cloud-init[928]: ci-info: +-------+-------------+----------+---------------+-----------+-------+
[   19.489958] cloud-init[928]: ci-info: |   0   |   0.0.0.0   | 10.0.2.2 |    0.0.0.0    |   enp0s3  |   UG  |
[   19.490062] cloud-init[928]: ci-info: |   1   |   10.0.2.0  | 0.0.0.0  | 255.255.255.0 |   enp0s3  |   U   |
[   19.490165] cloud-init[928]: ci-info: +-------+-------------+----------+---------------+-----------+-------+
[   19.490265] cloud-init[928]: ci-info: +++++++++++++++++++Route IPv6 info+++++++++++++++++++
[   19.490366] cloud-init[928]: ci-info: +-------+-------------+---------+-----------+-------+
[   19.490467] cloud-init[928]: ci-info: | Route | Destination | Gateway | Interface | Flags |
[   19.490629] cloud-init[928]: ci-info: +-------+-------------+---------+-----------+-------+
[   19.490738] cloud-init[928]: ci-info: |   0   |  fe80::/64  |    ::   |   enp0s3  |   U   |
[   19.490842] cloud-init[928]: ci-info: |   3   |   ff00::/8  |    ::   |   enp0s3  |   U   |
[   19.490958] cloud-init[928]: ci-info: +-------+-------------+---------+-----------+-------+
[   19.491110] cloud-init[928]: Generating public/private rsa key pair.
[   19.491223] cloud-init[928]: Your identification has been saved in /etc/ssh/ssh_host_rsa_key.
[   19.491347] cloud-init[928]: Your public key has been saved in /etc/ssh/ssh_host_rsa_key.pub.
[   19.491451] cloud-init[928]: The key fingerprint is:
[   19.491616] cloud-init[928]: SHA256:XJSCwa7CDO8yc5BIr9jC65GYAFkbxcEM4mS0Al8rHFk root@ubuntu-xenial
[   19.491725] cloud-init[928]: The key's randomart image is:
[   19.491831] cloud-init[928]: +---[RSA 2048]----+
[   19.491944] cloud-init[928]: |++=OEo.o  ..     |
[   19.492061] cloud-init[928]: |=*o=+.o ...      |
[   19.492171] cloud-init[928]: |+o= ..   ..      |
[   19.492277] cloud-init[928]: |+. .  .. .       |
[   19.492381] cloud-init[928]: |+*.  .  S        |

[   19.492643] cloud-init[928]: |*.*..            |
[   20.667897] cloud-init[928]: |=*..             |
[   20.669213] cloud-init[928]: |*o=              |
[   20.670398] cloud-init[928]: |.O.              |
[   20.671031] cloud-init[928]: +----[SHA256]-----+
[   20.673023] cloud-init[928]: Generating public/private dsa key pair.
[   20.674334] cloud-init[928]: Your identification has been saved in /etc/ssh/ssh_host_dsa_key.
[   20.675020] cloud-init[928]: Your public key has been saved in /etc/ssh/ssh_host_dsa_key.pub.
         Starting Socket activation for snappy daemon.
[   20.678201] cloud-init[928]: The key fingerprint is:
[   20.709709] cloud-init[928]: SHA256:A4enxR0ILGpDAzftXAvVc2mtMxSOunxnIj40EG1DFqA root@ubuntu-xenial
[   20.710088] cloud-init[928]: The key's randomart image is:
[   20.710575] cloud-init[928]: +---[DSA 1024]----+
[[0;32m  OK  [0m] Listening on ACPID Listen Socket.
[[   20.711385] cloud-init[928]: |..o..**+ .o+     |
[   20.814947] cloud-init[928]: | .oo=.*o++=..    |
[   20.817330] cloud-init[928]: | .E= *oo*=o.     |
[   20.818877] cloud-init[928]: |  + + .B  +      |
[   20.819500] cloud-init[928]: | . . .o S  o     |
[   20.820815] cloud-init[928]: |     .o. .       |
[   20.821443] cloud-init[928]: |     .+.o o      |
[   20.822086] cloud-init[928]: |     ..o +       |
[   20.822715] cloud-init[928]: |      ..         |
[   20.823491] cloud-init[928]: +----[SHA256]-----+
[   20.825053] cloud-init[928]: Generating public/private ecdsa key pair.
[0;32m  OK  [0m] Started Daily apt download activities.
[[   20.825682] cloud-init[928]: Your identification has been saved in /etc/ssh/ssh_host_ecdsa_key.
[   20.994809] cloud-init[928]: Your public key has been saved in /etc/ssh/ssh_host_ecdsa_key.pub.
[   20.996224] cloud-init[928]: The key fingerprint is:
[   20.997366] cloud-init[928]: SHA256:jfFlVkEhKp7wD8KNr45UFhvxl3VZj//0xlvlK2J43u0 root@ubuntu-xenial
[   20.998627] cloud-init[928]: The key's randomart image is:
[0;32m  OK  [0m] Started Daily apt upgrade and clean activities.
[   21.001306] cloud-init[928]: +---[ECDSA 256]---+
[   21.115215] cloud-init[928]: |      .     o.*=.|
[   21.116301] cloud-init[928]: |       o   + +...|
[   21.117902] cloud-init[928]: |      + + + + . .|
[   21.118717] cloud-init[928]: |     . X O +   . |
[   21.120011] cloud-init[928]: |      B S o     +|
[   21.121340] cloud-init[928]: |     o o o     ++|
[   21.121929] cloud-init[928]: |    .   . o     B|
[   21.122642] cloud-init[928]: |   . . . . +....+|
[   21.123209] cloud-init[928]: |    ..o   +...oE |
[   21.123885] cloud-init[928]: +----[SHA256]-----+
[   21.125156] cloud-init[928]: Generating public/private ed25519 key pair.
[   21.125785] cloud-init[928]: Your identification has been saved in /etc/ssh/ssh_host_ed25519_key.
[   21.126488] cloud-init[928]: Your public key has been saved in /etc/ssh/ssh_host_ed25519_key.pub.
[   21.127037] cloud-init[928]: The key fingerprint is:
[   21.127679] cloud-init[928]: SHA256:euU2656pQG+xGqhZp5aiOXX/hQL/wmalcbLaL4Lddnk root@ubuntu-xenial
[   21.128973] cloud-init[928]: The key's randomart image is:
[   21.129645] cloud-init[928]: +--[ED25519 256]--+
[   21.130236] cloud-init[928]: |                 |
[[0;32m  OK  [0m] Started Message of the Day.
[   21.131816] [cloud-init[0;32m  OK  [0m[928]: ] |                 |Reached target Timers.

[[0;32m  OK  [0m] Reached target Cloud-config availability.
[   21.375937] [[0;32m  OK  [0m] Reached target Network is Online.
cloud-init[928]: |                 |
[   21.380314] cloud-init[928]: |                 |
[   21.396502]          Starting iSCSI initiator daemon (iscsid)...
[[0;32m  OK  [0m] Listening on LXD - unix socket.
[[0;32m  OK  [0m] Listening on Socket activation for snappy daemon.
cloud-init[[0;32m  OK  [0m] Reached target Sockets.
[[0;32m  OK  [0m] Reached target Basic System.
[928]: |    . . S .      |
[[0;32m  OK  [0m] Started Regular background program processing daemon.
[   21.413269] cloud-init[928]: |  . .=ooo*       |
[[   21.417566] cloud-init[928]: | . +o=BB*.=      |
[   21.418241] cloud-init[928]: |..o+=+%OooE=     |
[0;32m  OK  [0m] Started ACPI event daemon.
[   21.419574] cloud-init[[0;32m  OK  [0m] Started FUSE filesystem for LXC.
[928]: |ooooo*o*==*      |
[   21.427056] cloud-init[928]: +----[SHA256]-----+
         Starting Accounts Service...
         Starting /etc/rc.local Compatibility...
[[0;32m  OK  [0m] Started D-Bus System Message Bus.
         Starting LXD - container startup/shutdown...
[[0;32m  OK  [0m] Started Deferred execution scheduler.
         Starting Snappy daemon...
         Starting LSB: MD monitoring daemon...
         Starting LSB: Record successful boot for GRUB...
         Starting Virtualbox guest utils...
         Starting Pollinate to seed the pseudo random number generator...
         Starting System Logging Service...
         Starting Login Service...
[[0;32m  OK  [0m] Started /etc/rc.local Compatibility.
[[0;32m  OK  [0m] Started System Logging Service.
[[0;32m  OK  [0m] Started iSCSI initiator daemon (iscsid).
[[0;32m  OK  [0m] Started LXD - container startup/shutdown.
[[0;32m  OK  [0m] Started LSB: MD monitoring daemon.
[[0;32m  OK  [0m] Started LSB: Record successful boot for GRUB.
         Starting Authenticate and Authorize Users to Run Privileged Tasks...
         Starting Login to default iSCSI targets...
[[0;32m  OK  [0m] Started Login Service.
[[0;32m  OK  [0m] Started Snappy daemon.
         Starting Wait until snapd is fully seeded...
[[0;32m  OK  [0m] Started Unattended Upgrades Shutdown.
[[0;32m  OK  [0m] Started Virtualbox guest utils.
[[0;32m  OK  [0m] Started Authenticate and Authorize Users to Run Privileged Tasks.
[[0;32m  OK  [0m] Started Accounts Service.
[[0;32m  OK  [0m] Started Login to default iSCSI targets.
[[0;32m  OK  [0m] Started Pollinate to seed the pseudo random number generator.
         Starting OpenBSD Secure Shell server...
[[0;32m  OK  [0m] Reached target Remote File Systems (Pre).
[[0;32m  OK  [0m] Reached target Remote File Systems.
         Starting Permit User Sessions...
         Starting LSB: daemon to balance interrupts for SMP systems...
         Starting LSB: automatic crash report generation...
         Starting LSB: Set the CPU Frequency Scaling governor to "ondemand"...
[[0;32m  OK  [0m] Started Permit User Sessions.
[[0;32m  OK  [0m] Started OpenBSD Secure Shell server.
         Starting Terminate Plymouth Boot Screen...
         Starting Hold until boot process finishes up...
[[0;32m  OK  [0m] Started Hold until boot process finishes up.
[[0;32m  OK  [0m] Started LSB: Set the CPU Frequency Scaling governor to "ondemand".
[[0;32m  OK  [0m] Started LSB: automatic crash report generation.
[[0;32m  OK  [0m] Started Terminate Plymouth Boot Screen.
[[0;32m  OK  [0m] Started LSB: daemon to balance interrupts for SMP systems.
[[0;32m  OK  [0m] Started Getty on tty1.
         Starting Set console scheme...
[[0;32m  OK  [0m] Started Serial Getty on ttyS0.
[[0;32m  OK  [0m] Reached target Login Prompts.
[[0;32m  OK  [0m] Started Set console scheme.
[[0;32m  OK  [0m] Created slice User Slice of vagrant.
         Starting User Manager for UID 1000...
[[0;32m  OK  [0m] Started Session 1 of user vagrant.
[[0;32m  OK  [0m] Started User Manager for UID 1000.
[[0;32m  OK  [0m] Started Wait until snapd is fully seeded.
         Starting Apply the settings specified in cloud-config...
[[0;32m  OK  [0m] Reached target Multi-User System.
[[0;32m  OK  [0m] Reached target Graphical Interface.
         Starting Update UTMP about System Runlevel Changes...
[[0;32m  OK  [0m] Started Update UTMP about System Runlevel Changes.
[   23.869263] cloud-init[1349]: Generating locales (this might take a while)...
[   25.155340] cloud-init[1349]:   en_US.UTF-8... done
[   25.161959] cloud-init[1349]: Generation complete.
[   25.519607] cloud-init[1349]: Cloud-init v. 19.2-36-g059d049c-0ubuntu2~16.04.1 running 'modules:config' at Thu, 16 Jan 2020 16:05:39 +0000. Up 23.63 seconds.
[[0;32m  OK  [0m] Started Apply the settings specified in cloud-config.
         Starting Execute cloud user/final scripts...
ci-info: no authorized ssh keys fingerprints found for user ubuntu.
<14>Jan 16 16:05:42 ec2: 
<14>Jan 16 16:05:42 ec2: #############################################################
<14>Jan 16 16:05:42 ec2: -----BEGIN SSH HOST KEY FINGERPRINTS-----
<14>Jan 16 16:05:42 ec2: 1024 SHA256:A4enxR0ILGpDAzftXAvVc2mtMxSOunxnIj40EG1DFqA root@ubuntu-xenial (DSA)
<14>Jan 16 16:05:42 ec2: 256 SHA256:jfFlVkEhKp7wD8KNr45UFhvxl3VZj//0xlvlK2J43u0 root@ubuntu-xenial (ECDSA)
<14>Jan 16 16:05:42 ec2: 256 SHA256:euU2656pQG+xGqhZp5aiOXX/hQL/wmalcbLaL4Lddnk root@ubuntu-xenial (ED25519)
<14>Jan 16 16:05:42 ec2: 2048 SHA256:XJSCwa7CDO8yc5BIr9jC65GYAFkbxcEM4mS0Al8rHFk root@ubuntu-xenial (RSA)
<14>Jan 16 16:05:42 ec2: -----END SSH HOST KEY FINGERPRINTS-----
<14>Jan 16 16:05:42 ec2: #############################################################
-----BEGIN SSH HOST KEY KEYS-----
ecdsa-sha2-nistp256 AAAAE2VjZHNhLXNoYTItbmlzdHAyNTYAAAAIbmlzdHAyNTYAAABBBJ2KbzlDhGIiWGdnq/ntApQO9q9cF/LkYOZtVTPhBZvzDadtviNy4Bq641SKMp0TFyJms5b5QNX+Htmhakok+C8= root@ubuntu-xenial
ssh-ed25519 AAAAC3NzaC1lZDI1NTE5AAAAIDQwUXVNoCdp7Gx9EwfWcjG4vzhgExIkgGH1Q5qiYQEj root@ubuntu-xenial
ssh-rsa AAAAB3NzaC1yc2EAAAADAQABAAABAQCqCHQFFJ84rdY/frJsxL1ZIwAuZj6wzG8M71/1p9dRRLuOPo2v/xJj9451bcxSDWODq0XPIDnFaUN14S22/wT/kbvu+2nHqPPLhwC5G+rERnOhrYtDm9JbGMqu+f+bGqTe+2ymdzG0amFJWVhD4QSJxAuEa1Iqn51SXMyFBnU8M83P5Wah3gJVL0/QaF8yH6syv655fiF1dbypy+gWJ637JlXu2aP09zJhjpWBQt4DDG03U+9BPgpnQadSlRNScaJ0ezQHfcsWlhSkZMsS4beLMH2ev+2rDIOzhwqZAUYxMAHeh2AjcKSaucKtqlj+G9q5aEO3ERMA9uVQtGkOI/cl root@ubuntu-xenial
-----END SSH HOST KEY KEYS-----
[   26.206355] cloud-init[1496]: Cloud-init v. 19.2-36-g059d049c-0ubuntu2~16.04.1 running 'modules:final' at Thu, 16 Jan 2020 16:05:42 +0000. Up 25.95 seconds.
[   26.259389] cloud-init[1496]: ci-info: no authorized ssh keys fingerprints found for user ubuntu.
[   26.266353] cloud-init[1496]: Cloud-init v. 19.2-36-g059d049c-0ubuntu2~16.04.1 finished at Thu, 16 Jan 2020 16:05:42 +0000. Datasource DataSourceNoCloud [seed=/dev/sdb][dsmode=net].  Up 26.19 seconds
[[0;32m  OK  [0m] Started Execute cloud user/final scripts.
[[0;32m  OK  [0m] Reached target Cloud-init target.

Ubuntu 16.04.6 LTS ubuntu-xenial ttyS0

ubuntu-xenial login: 